GPU: NVIDIA GeForce RTX 4080 SUPER  CC 8.9  free 16/17 GB
Expert record: 2764800 bytes; max batch host allocation: 1.1e+02 MB

Pool 1 GB
  pageable       contiguous_record  batch  1  p50   0.185 ms  p95   0.218 ms      14 GB/s
  pageable       contiguous_record  batch  2  p50   0.356 ms  p95   0.396 ms      15 GB/s
  pageable       contiguous_record  batch  4  p50   0.654 ms  p95   0.799 ms      16 GB/s
  pageable       contiguous_record  batch  8  p50     1.4 ms  p95    1.83 ms      15 GB/s
  pageable       contiguous_record  batch 10  p50    1.95 ms  p95     2.5 ms      14 GB/s
  pageable       contiguous_record  batch 20  p50    4.84 ms  p95    5.28 ms      11 GB/s
  pageable  nine_pieces_per_expert  batch  1  p50   0.285 ms  p95   0.579 ms     8.9 GB/s
  pageable  nine_pieces_per_expert  batch  2  p50   0.557 ms  p95    0.93 ms     9.2 GB/s
  pageable  nine_pieces_per_expert  batch  4  p50     1.1 ms  p95    1.54 ms     9.3 GB/s
  pageable  nine_pieces_per_expert  batch  8  p50    2.21 ms  p95    2.64 ms     9.5 GB/s
  pageable  nine_pieces_per_expert  batch 10  p50    2.87 ms  p95    3.16 ms     9.6 GB/s
  pageable  nine_pieces_per_expert  batch 20  p50    5.72 ms  p95    6.06 ms     9.6 GB/s
    pinned       contiguous_record  batch  1  p50   0.126 ms  p95   0.128 ms      22 GB/s
    pinned       contiguous_record  batch  2  p50   0.242 ms  p95   0.261 ms      22 GB/s
    pinned       contiguous_record  batch  4  p50   0.475 ms  p95   0.492 ms      23 GB/s
    pinned       contiguous_record  batch  8  p50   0.941 ms  p95   0.961 ms      23 GB/s
    pinned       contiguous_record  batch 10  p50    1.18 ms  p95    1.19 ms      23 GB/s
    pinned       contiguous_record  batch 20  p50    2.34 ms  p95    2.37 ms      24 GB/s
    pinned  nine_pieces_per_expert  batch  1  p50    0.14 ms  p95   0.156 ms      19 GB/s
    pinned  nine_pieces_per_expert  batch  2  p50   0.273 ms  p95   0.286 ms      20 GB/s
    pinned  nine_pieces_per_expert  batch  4  p50   0.542 ms  p95   0.595 ms      20 GB/s
    pinned  nine_pieces_per_expert  batch  8  p50    1.07 ms  p95    1.14 ms      20 GB/s
    pinned  nine_pieces_per_expert  batch 10  p50    1.35 ms  p95     1.4 ms      20 GB/s
    pinned  nine_pieces_per_expert  batch 20  p50    2.67 ms  p95     2.7 ms      21 GB/s

Pool 2 GB
  pageable       contiguous_record  batch  1  p50    0.18 ms  p95   0.213 ms      15 GB/s
  pageable       contiguous_record  batch  2  p50   0.339 ms  p95   0.382 ms      16 GB/s
  pageable       contiguous_record  batch  4  p50   0.654 ms  p95   0.854 ms      16 GB/s
  pageable       contiguous_record  batch  8  p50    1.33 ms  p95    1.73 ms      16 GB/s
  pageable       contiguous_record  batch 10  p50    2.07 ms  p95     2.4 ms      13 GB/s
  pageable       contiguous_record  batch 20  p50    4.76 ms  p95    5.37 ms      11 GB/s
  pageable  nine_pieces_per_expert  batch  1  p50   0.283 ms  p95   0.585 ms       9 GB/s
  pageable  nine_pieces_per_expert  batch  2  p50   0.555 ms  p95   0.919 ms     9.3 GB/s
  pageable  nine_pieces_per_expert  batch  4  p50    1.09 ms  p95    1.54 ms     9.5 GB/s
  pageable  nine_pieces_per_expert  batch  8  p50    2.18 ms  p95    2.75 ms     9.4 GB/s
  pageable  nine_pieces_per_expert  batch 10  p50    2.99 ms  p95    3.25 ms     9.5 GB/s
  pageable  nine_pieces_per_expert  batch 20  p50    5.71 ms  p95     6.2 ms     9.5 GB/s
    pinned       contiguous_record  batch  1  p50   0.126 ms  p95   0.142 ms      21 GB/s
    pinned       contiguous_record  batch  2  p50   0.242 ms  p95   0.276 ms      22 GB/s
    pinned       contiguous_record  batch  4  p50   0.475 ms  p95   0.499 ms      23 GB/s
    pinned       contiguous_record  batch  8  p50   0.941 ms  p95   0.966 ms      23 GB/s
    pinned       contiguous_record  batch 10  p50    1.18 ms  p95    1.22 ms      23 GB/s
    pinned       contiguous_record  batch 20  p50    2.34 ms  p95    2.36 ms      24 GB/s
    pinned  nine_pieces_per_expert  batch  1  p50    0.14 ms  p95   0.161 ms      19 GB/s
    pinned  nine_pieces_per_expert  batch  2  p50   0.273 ms  p95   0.282 ms      20 GB/s
    pinned  nine_pieces_per_expert  batch  4  p50   0.541 ms  p95   0.562 ms      20 GB/s
    pinned  nine_pieces_per_expert  batch  8  p50    1.07 ms  p95    1.08 ms      21 GB/s
    pinned  nine_pieces_per_expert  batch 10  p50    1.34 ms  p95    1.36 ms      21 GB/s
    pinned  nine_pieces_per_expert  batch 20  p50    2.68 ms  p95    2.76 ms      21 GB/s

Pool 4 GB
  pageable       contiguous_record  batch  1  p50    0.18 ms  p95    0.21 ms      15 GB/s
  pageable       contiguous_record  batch  2  p50   0.339 ms  p95   0.422 ms      16 GB/s
  pageable       contiguous_record  batch  4  p50   0.653 ms  p95   0.841 ms      16 GB/s
  pageable       contiguous_record  batch  8  p50    1.46 ms  p95    2.17 ms      14 GB/s
  pageable       contiguous_record  batch 10  p50    2.12 ms  p95    2.62 ms      13 GB/s
  pageable       contiguous_record  batch 20  p50    4.85 ms  p95    5.38 ms      11 GB/s
  pageable  nine_pieces_per_expert  batch  1  p50   0.283 ms  p95   0.537 ms     9.1 GB/s
  pageable  nine_pieces_per_expert  batch  2  p50   0.555 ms  p95   0.909 ms     9.3 GB/s
  pageable  nine_pieces_per_expert  batch  4  p50     1.1 ms  p95    1.56 ms     9.3 GB/s
  pageable  nine_pieces_per_expert  batch  8  p50    2.17 ms  p95    2.59 ms     9.6 GB/s
  pageable  nine_pieces_per_expert  batch 10  p50       3 ms  p95    3.31 ms     9.5 GB/s
  pageable  nine_pieces_per_expert  batch 20  p50    5.72 ms  p95    6.76 ms     9.4 GB/s
    pinned       contiguous_record  batch  1  p50   0.126 ms  p95    0.14 ms      21 GB/s
    pinned       contiguous_record  batch  2  p50   0.243 ms  p95    0.31 ms      22 GB/s
    pinned       contiguous_record  batch  4  p50   0.476 ms  p95   0.517 ms      23 GB/s
    pinned       contiguous_record  batch  8  p50   0.941 ms  p95   0.958 ms      23 GB/s
    pinned       contiguous_record  batch 10  p50    1.17 ms  p95     1.2 ms      23 GB/s
    pinned       contiguous_record  batch 20  p50    2.34 ms  p95    2.36 ms      24 GB/s
    pinned  nine_pieces_per_expert  batch  1  p50    0.14 ms  p95   0.165 ms      19 GB/s
    pinned  nine_pieces_per_expert  batch  2  p50   0.273 ms  p95   0.287 ms      20 GB/s
    pinned  nine_pieces_per_expert  batch  4  p50    0.54 ms  p95   0.582 ms      20 GB/s
    pinned  nine_pieces_per_expert  batch  8  p50    1.07 ms  p95    1.12 ms      20 GB/s
    pinned  nine_pieces_per_expert  batch 10  p50    1.34 ms  p95    1.38 ms      21 GB/s
    pinned  nine_pieces_per_expert  batch 20  p50    2.67 ms  p95     2.7 ms      21 GB/s
  Running ideal known-next-batch overlap on this pool...
    batch  1 copy 0.119 ms, compute 0.0254 ms, serial 0.195 ms, overlap 0.129 ms, exposed 0.103 ms, hidden 1e+01%
    batch  2 copy 0.236 ms, compute 0.0331 ms, serial 0.326 ms, overlap 0.246 ms, exposed 0.213 ms, hidden 1e+01%
    batch  4 copy 0.469 ms, compute 0.0574 ms, serial 0.586 ms, overlap 0.472 ms, exposed 0.414 ms, hidden 1e+01%
    batch  8 copy 0.935 ms, compute 0.137 ms, serial 1.15 ms, overlap 0.939 ms, exposed 0.801 ms, hidden 1e+01%
    batch 10 copy 1.17 ms, compute 0.136 ms, serial 1.39 ms, overlap 1.17 ms, exposed 1.04 ms, hidden 1e+01%
    batch 20 copy 2.34 ms, compute 0.33 ms, serial 2.77 ms, overlap 2.34 ms, exposed 2.01 ms, hidden 1e+01%

Pool 6 GB
  pageable       contiguous_record  batch  1  p50    0.18 ms  p95    0.22 ms      15 GB/s
  pageable       contiguous_record  batch  2  p50   0.347 ms  p95   0.544 ms      15 GB/s
  pageable       contiguous_record  batch  4  p50   0.691 ms  p95   0.942 ms      15 GB/s
  pageable       contiguous_record  batch  8  p50     1.5 ms  p95    2.04 ms      14 GB/s
  pageable       contiguous_record  batch 10  p50    1.94 ms  p95     2.4 ms      14 GB/s
  pageable       contiguous_record  batch 20  p50    4.74 ms  p95    5.28 ms      12 GB/s
  pageable  nine_pieces_per_expert  batch  1  p50   0.284 ms  p95    0.59 ms     8.9 GB/s
  pageable  nine_pieces_per_expert  batch  2  p50   0.557 ms  p95   0.883 ms     9.2 GB/s
  pageable  nine_pieces_per_expert  batch  4  p50     1.1 ms  p95     1.5 ms     9.4 GB/s
  pageable  nine_pieces_per_expert  batch  8  p50    2.19 ms  p95    2.66 ms     9.6 GB/s
  pageable  nine_pieces_per_expert  batch 10  p50    2.99 ms  p95    3.21 ms     9.5 GB/s
  pageable  nine_pieces_per_expert  batch 20  p50    5.72 ms  p95    6.72 ms     9.3 GB/s
    pinned       contiguous_record  batch  1  p50   0.126 ms  p95    0.13 ms      22 GB/s
    pinned       contiguous_record  batch  2  p50   0.242 ms  p95   0.255 ms      23 GB/s
    pinned       contiguous_record  batch  4  p50   0.475 ms  p95     0.5 ms      23 GB/s
    pinned       contiguous_record  batch  8  p50   0.941 ms  p95   0.959 ms      23 GB/s
    pinned       contiguous_record  batch 10  p50    1.17 ms  p95    1.19 ms      23 GB/s
    pinned       contiguous_record  batch 20  p50    2.34 ms  p95    2.36 ms      24 GB/s
    pinned  nine_pieces_per_expert  batch  1  p50    0.14 ms  p95   0.162 ms      19 GB/s
    pinned  nine_pieces_per_expert  batch  2  p50   0.273 ms  p95     0.3 ms      20 GB/s
    pinned  nine_pieces_per_expert  batch  4  p50   0.541 ms  p95   0.592 ms      20 GB/s
    pinned  nine_pieces_per_expert  batch  8  p50    1.07 ms  p95    1.11 ms      20 GB/s
    pinned  nine_pieces_per_expert  batch 10  p50    1.34 ms  p95    1.36 ms      21 GB/s
    pinned  nine_pieces_per_expert  batch 20  p50    2.67 ms  p95    2.72 ms      21 GB/s

Pool 8 GB
  pageable       contiguous_record  batch  1  p50    0.18 ms  p95   0.237 ms      15 GB/s
  pageable       contiguous_record  batch  2  p50   0.338 ms  p95   0.378 ms      16 GB/s
  pageable       contiguous_record  batch  4  p50   0.654 ms  p95   0.823 ms      16 GB/s
  pageable       contiguous_record  batch  8  p50    1.35 ms  p95    1.86 ms      16 GB/s
  pageable       contiguous_record  batch 10  p50    1.97 ms  p95    2.43 ms      13 GB/s
  pageable       contiguous_record  batch 20  p50    4.84 ms  p95    5.06 ms      11 GB/s
  pageable  nine_pieces_per_expert  batch  1  p50    0.28 ms  p95   0.568 ms     9.1 GB/s
  pageable  nine_pieces_per_expert  batch  2  p50   0.556 ms  p95   0.907 ms     9.1 GB/s
  pageable  nine_pieces_per_expert  batch  4  p50    1.08 ms  p95    1.48 ms     9.5 GB/s
  pageable  nine_pieces_per_expert  batch  8  p50    2.22 ms  p95    2.61 ms     9.6 GB/s
  pageable  nine_pieces_per_expert  batch 10  p50    2.94 ms  p95    3.16 ms     9.6 GB/s
  pageable  nine_pieces_per_expert  batch 20  p50    5.67 ms  p95    6.01 ms     9.7 GB/s
    pinned       contiguous_record  batch  1  p50   0.126 ms  p95   0.141 ms      21 GB/s
    pinned       contiguous_record  batch  2  p50   0.242 ms  p95   0.251 ms      23 GB/s
    pinned       contiguous_record  batch  4  p50   0.475 ms  p95   0.499 ms      23 GB/s
    pinned       contiguous_record  batch  8  p50   0.942 ms  p95   0.964 ms      22 GB/s
    pinned       contiguous_record  batch 10  p50    1.17 ms  p95    1.18 ms      24 GB/s
    pinned       contiguous_record  batch 20  p50    2.34 ms  p95    2.36 ms      24 GB/s
    pinned  nine_pieces_per_expert  batch  1  p50    0.14 ms  p95   0.151 ms      19 GB/s
    pinned  nine_pieces_per_expert  batch  2  p50   0.273 ms  p95    0.29 ms      20 GB/s
    pinned  nine_pieces_per_expert  batch  4  p50   0.541 ms  p95   0.582 ms      20 GB/s
    pinned  nine_pieces_per_expert  batch  8  p50    1.07 ms  p95    1.09 ms      21 GB/s
    pinned  nine_pieces_per_expert  batch 10  p50    1.34 ms  p95    1.37 ms      21 GB/s
    pinned  nine_pieces_per_expert  batch 20  p50    2.67 ms  p95    2.69 ms      21 GB/s

Wrote results to .\work\pc-slotstream\results\full_round2
