CPUInfer[0x56367d216480]: Hello
WorkerPool[0x56367d257850] 1 subpools, [numa:threads][0:24] 
===========In NumaPool============
In Numa Worker Pool at NUMA -1, 24 threads
Core 16 inside NUMA node 0 not found
Core 17 inside NUMA node 0 not found
Core 18 inside NUMA node 0 not found
Core 19 inside NUMA node 0 not found
Core 20 inside NUMA node 0 not found
Core 21 inside NUMA node 0 not found
Core 22 inside NUMA node 0 not found
Core 23 inside NUMA node 0 not found
hwloc_set_membind_nodeset: Function not implemented
hwloc_set_membind_nodeset: Function not implemented
hwloc_set_membind_nodeset: Function not implemented
hwloc_set_membind_nodeset: Function not implemented
hwloc_set_membind_nodeset: Function not implemented
hwloc_set_membind_nodeset: Function not implemented
hwloc_set_membind_nodeset: Function not implemented
hwloc_set_membind_nodeset: Function not implemented
hwloc_set_membind_nodeset: Function not implemented
hwloc_set_membind_nodeset: Function not implemented
hwloc_set_membind_nodeset: Function not implemented
hwloc_set_membind_nodeset: Function not implemented
hwloc_set_membind_nodeset: Function not implemented
hwloc_set_membind_nodeset: Function not implemented
hwloc_set_membind_nodeset: Function not implemented
hwloc_set_membind_nodeset: Function not implemented
hwloc_set_membind_nodeset: Function not implemented
hwloc_set_membind_nodeset: Function not implemented
hwloc_set_membind_nodeset: Function not implemented
hwloc_set_membind_nodeset: Function not implemented
hwloc_set_membind_nodeset: Function not implemented
hwloc_set_membind_nodeset: Function not implemented
hwloc_set_membind_nodeset: Function not implemented
hwloc_set_membind_nodeset: Function not implemented
TP MOE layer 0, pool: 0x56367d257850, expert num: 10, num_experts_per_tok: 1
alloc 0 from other numa for 7f9c10003a30
Created AVX2_RAW_INT4_MOE_TP 0 at numa -1 (group_size=64)
AVX2 RAWINT4 TP 0 load weight done.
CPUInfer[0x56367d216480]: Goodbye
{"threads": 24, "topk": 1, "qlen": 1, "cache_mode": "dram_cold", "runs": 50, "p50_ms": 0.272492, "p95_ms": 0.36643159999999986, "min_ms": 0.183362, "effective_weight_bandwidth_gbps_p50": 10.146352920452712, "output_checksum": -6.742216646671295e-05}
CPUInfer[0x56367d2a3ec0]: Hello
WorkerPool[0x56367d215d60] 1 subpools, [numa:threads][0:24] 
===========In NumaPool============
In Numa Worker Pool at NUMA -1, 24 threads
Core 16 inside NUMA node 0 not found
Core 17 inside NUMA node 0 not found
Core 18 inside NUMA node 0 not found
Core 19 inside NUMA node 0 not found
Core 20 inside NUMA node 0 not found
Core 21 inside NUMA node 0 not found
Core 22 inside NUMA node 0 not found
Core 23 inside NUMA node 0 not found
hwloc_set_membind_nodeset: Function not implemented
hwloc_set_membind_nodeset: Function not implemented
hwloc_set_membind_nodeset: Function not implemented
hwloc_set_membind_nodeset: Function not implemented
hwloc_set_membind_nodeset: Function not implemented
hwloc_set_membind_nodeset: Function not implemented
hwloc_set_membind_nodeset: Function not implemented
hwloc_set_membind_nodeset: Function not implemented
hwloc_set_membind_nodeset: Function not implemented
hwloc_set_membind_nodeset: Function not implemented
hwloc_set_membind_nodeset: Function not implemented
hwloc_set_membind_nodeset: Function not implemented
hwloc_set_membind_nodeset: Function not implemented
hwloc_set_membind_nodeset: Function not implemented
hwloc_set_membind_nodeset: Function not implemented
hwloc_set_membind_nodeset: Function not implemented
hwloc_set_membind_nodeset: Function not implemented
hwloc_set_membind_nodeset: Function not implemented
hwloc_set_membind_nodeset: Function not implemented
hwloc_set_membind_nodeset: Function not implemented
hwloc_set_membind_nodeset: Function not implemented
hwloc_set_membind_nodeset: Function not implemented
TP MOE layer 0, pool: 0x56367d215d60, expert num: 10, num_experts_per_tok: 2
alloc 0 from other numa for 7f9c1401a520
Created AVX2_RAW_INT4_MOE_TP 0 at numa -1 (group_size=64)
hwloc_set_membind_nodeset: Function not implemented
hwloc_set_membind_nodeset: Function not implemented
AVX2 RAWINT4 TP 0 load weight done.
CPUInfer[0x56367d2a3ec0]: Goodbye
{"threads": 24, "topk": 2, "qlen": 1, "cache_mode": "dram_cold", "runs": 50, "p50_ms": 0.336755, "p95_ms": 0.45669829999999995, "min_ms": 0.234757, "effective_weight_bandwidth_gbps_p50": 16.420246173033807, "output_checksum": 0.00016722179134376347}
CPUInfer[0x56367d26b040]: Hello
WorkerPool[0x56367d271610] 1 subpools, [numa:threads][0:24] 
===========In NumaPool============
In Numa Worker Pool at NUMA -1, 24 threads
Core 16 inside NUMA node 0 not found
Core 17 inside NUMA node 0 not found
Core 18 inside NUMA node 0 not found
Core 19 inside NUMA node 0 not found
Core 20 inside NUMA node 0 not found
Core 21 inside NUMA node 0 not found
Core 22 inside NUMA node 0 not found
Core 23 inside NUMA node 0 not found
hwloc_set_membind_nodeset: Function not implemented
hwloc_set_membind_nodeset: Function not implemented
hwloc_set_membind_nodeset: Function not implemented
hwloc_set_membind_nodeset: Function not implemented
hwloc_set_membind_nodeset: Function not implemented
hwloc_set_membind_nodeset: Function not implemented
hwloc_set_membind_nodeset: Function not implemented
hwloc_set_membind_nodeset: Function not implemented
hwloc_set_membind_nodeset: Function not implemented
hwloc_set_membind_nodeset: Function not implemented
hwloc_set_membind_nodeset: Function not implemented
hwloc_set_membind_nodeset: Function not implemented
hwloc_set_membind_nodeset: Function not implemented
hwloc_set_membind_nodeset: Function not implemented
hwloc_set_membind_nodeset: Function not implemented
hwloc_set_membind_nodeset: Function not implemented
hwloc_set_membind_nodeset: Function not implemented
hwloc_set_membind_nodeset: Function not implemented
hwloc_set_membind_nodeset: Function not implemented
hwloc_set_membind_nodeset: Function not implemented
hwloc_set_membind_nodeset: Function not implemented
hwloc_set_membind_nodeset: Function not implemented
hwloc_set_membind_nodeset: Function not implemented
hwloc_set_membind_nodeset: Function not implemented
TP MOE layer 0, pool: 0x56367d271610, expert num: 10, num_experts_per_tok: 4
alloc 0 from other numa for 7f9c5001c880
Created AVX2_RAW_INT4_MOE_TP 0 at numa -1 (group_size=64)
AVX2 RAWINT4 TP 0 load weight done.
CPUInfer[0x56367d26b040]: Goodbye
{"threads": 24, "topk": 4, "qlen": 1, "cache_mode": "dram_cold", "runs": 50, "p50_ms": 0.422546, "p95_ms": 0.6005620500000001, "min_ms": 0.337575, "effective_weight_bandwidth_gbps_p50": 26.172771721895366, "output_checksum": 0.0005785060347989202}
CPUInfer[0x56367d2d7fc0]: Hello
WorkerPool[0x56367d2a82e0] 1 subpools, [numa:threads][0:24] 
===========In NumaPool============
In Numa Worker Pool at NUMA -1, 24 threads
Core 16 inside NUMA node 0 not found
Core 17 inside NUMA node 0 not found
Core 18 inside NUMA node 0 not found
Core 19 inside NUMA node 0 not found
Core 20 inside NUMA node 0 not found
Core 21 inside NUMA node 0 not found
Core 22 inside NUMA node 0 not found
Core 23 inside NUMA node 0 not found
hwloc_set_membind_nodeset: Function not implemented
hwloc_set_membind_nodeset: Function not implemented
hwloc_set_membind_nodeset: Function not implemented
hwloc_set_membind_nodeset: Function not implemented
hwloc_set_membind_nodeset: Function not implemented
hwloc_set_membind_nodeset: Function not implemented
hwloc_set_membind_nodeset: Function not implemented
hwloc_set_membind_nodeset: Function not implemented
hwloc_set_membind_nodeset: Function not implemented
hwloc_set_membind_nodeset: Function not implemented
hwloc_set_membind_nodeset: Function not implemented
hwloc_set_membind_nodeset: Function not implemented
hwloc_set_membind_nodeset: Function not implemented
hwloc_set_membind_nodeset: Function not implemented
hwloc_set_membind_nodeset: Function not implemented
hwloc_set_membind_nodeset: Function not implemented
hwloc_set_membind_nodeset: Function not implemented
hwloc_set_membind_nodeset: Function not implemented
hwloc_set_membind_nodeset: Function not implemented
hwloc_set_membind_nodeset: Function not implemented
hwloc_set_membind_nodeset: Function not implemented
hwloc_set_membind_nodeset: Function not implemented
hwloc_set_membind_nodeset: Function not implemented
hwloc_set_membind_nodeset: Function not implemented
TP MOE layer 0, pool: 0x56367d2a82e0, expert num: 10, num_experts_per_tok: 8
alloc 0 from other numa for 7f9c4401a750
Created AVX2_RAW_INT4_MOE_TP 0 at numa -1 (group_size=64)
AVX2 RAWINT4 TP 0 load weight done.
CPUInfer[0x56367d2d7fc0]: Goodbye
{"threads": 24, "topk": 8, "qlen": 1, "cache_mode": "dram_cold", "runs": 50, "p50_ms": 0.7005445, "p95_ms": 0.82598675, "min_ms": 0.569376, "effective_weight_bandwidth_gbps_p50": 31.57315488166704, "output_checksum": 0.00040886507485993207}
CPUInfer[0x56367d2ebf40]: Hello
WorkerPool[0x56367d2c5f50] 1 subpools, [numa:threads][0:24] 
===========In NumaPool============
In Numa Worker Pool at NUMA -1, 24 threads
Core 16 inside NUMA node 0 not found
Core 17 inside NUMA node 0 not found
Core 18 inside NUMA node 0 not found
Core 19 inside NUMA node 0 not found
Core 20 inside NUMA node 0 not found
Core 21 inside NUMA node 0 not found
Core 22 inside NUMA node 0 not found
Core 23 inside NUMA node 0 not found
hwloc_set_membind_nodeset: Function not implemented
hwloc_set_membind_nodeset: Function not implemented
hwloc_set_membind_nodeset: Function not implemented
hwloc_set_membind_nodeset: Function not implemented
hwloc_set_membind_nodeset: Function not implemented
hwloc_set_membind_nodeset: Function not implemented
hwloc_set_membind_nodeset: Function not implemented
hwloc_set_membind_nodeset: Function not implemented
hwloc_set_membind_nodeset: Function not implemented
hwloc_set_membind_nodeset: Function not implemented
hwloc_set_membind_nodeset: Function not implemented
hwloc_set_membind_nodeset: Function not implemented
hwloc_set_membind_nodeset: Function not implemented
hwloc_set_membind_nodeset: Function not implemented
hwloc_set_membind_nodeset: Function not implemented
hwloc_set_membind_nodeset: Function not implemented
hwloc_set_membind_nodeset: Function not implemented
hwloc_set_membind_nodeset: Function not implemented
hwloc_set_membind_nodeset: Function not implemented
hwloc_set_membind_nodeset: Function not implemented
hwloc_set_membind_nodeset: Function not implemented
hwloc_set_membind_nodeset: Function not implemented
hwloc_set_membind_nodeset: Function not implemented
hwloc_set_membind_nodeset: Function not implemented
TP MOE layer 0, pool: 0x56367d2c5f50, expert num: 10, num_experts_per_tok: 10
alloc 0 from other numa for 7f9c3401a750
Created AVX2_RAW_INT4_MOE_TP 0 at numa -1 (group_size=64)
AVX2 RAWINT4 TP 0 load weight done.
CPUInfer[0x56367d2ebf40]: Goodbye
{"threads": 24, "topk": 10, "qlen": 1, "cache_mode": "dram_cold", "runs": 50, "p50_ms": 0.7809115, "p95_ms": 0.91486135, "min_ms": 0.653765, "effective_weight_bandwidth_gbps_p50": 35.40478018315776, "output_checksum": 0.00012192886788398027}
