CPUInfer[0x5650a5716c50]: Hello
WorkerPool[0x5650a5728ca0] 1 subpools, [numa:threads][0:24] 
===========In NumaPool============
In Numa Worker Pool at NUMA -1, 24 threads
Core 16 inside NUMA node 0 not found
Core 17 inside NUMA node 0 not found
Core 18 inside NUMA node 0 not found
Core 19 inside NUMA node 0 not found
Core 20 inside NUMA node 0 not found
Core 21 inside NUMA node 0 not found
Core 22 inside NUMA node 0 not found
Core 23 inside NUMA node 0 not found
hwloc_set_membind_nodeset: Function not implemented
hwloc_set_membind_nodeset: Function not implemented
hwloc_set_membind_nodeset: Function not implemented
hwloc_set_membind_nodeset: Function not implemented
hwloc_set_membind_nodeset: Function not implemented
hwloc_set_membind_nodeset: Function not implemented
hwloc_set_membind_nodeset: Function not implemented
hwloc_set_membind_nodeset: Function not implemented
hwloc_set_membind_nodeset: Function not implemented
hwloc_set_membind_nodeset: Function not implemented
hwloc_set_membind_nodeset: Function not implemented
hwloc_set_membind_nodeset: Function not implemented
hwloc_set_membind_nodeset: Function not implemented
hwloc_set_membind_nodeset: Function not implemented
hwloc_set_membind_nodeset: Function not implemented
hwloc_set_membind_nodeset: Function not implemented
hwloc_set_membind_nodeset: Function not implemented
hwloc_set_membind_nodeset: Function not implemented
hwloc_set_membind_nodeset: Function not implemented
hwloc_set_membind_nodeset: Function not implemented
hwloc_set_membind_nodeset: Function not implemented
hwloc_set_membind_nodeset: Function not implemented
hwloc_set_membind_nodeset: Function not implemented
hwloc_set_membind_nodeset: Function not implemented
TP MOE layer 0, pool: 0x5650a5728ca0, expert num: 10, num_experts_per_tok: 10
alloc 0 from other numa for 7f1bc80254d0
Created AVX2_RAW_INT4_MOE_TP 0 at numa -1 (group_size=64)
AVX2 RAWINT4 TP 0 load weight done.
CPUInfer[0x5650a5716c50]: Goodbye
{"threads": 24, "topk": 10, "qlen": 8, "cache_mode": "warm", "runs": 30, "p50_ms": 3.959722, "p95_ms": 4.1940896, "min_ms": 3.735153, "effective_weight_bandwidth_gbps_p50": 6.982308353970303, "skip_all_cpu_experts": false, "output_checksum": 0.0012284567346796393}
